Archive member included to satisfy reference by file (symbol)

c:/program files (x86)/atmel/studio/7.0/toolchain/avr8/avr8-gnu-toolchain/bin/../lib/gcc/avr/5.4.0/avr5\libgcc.a(_exit.o)
                              C:/Program Files (x86)/Atmel/Studio/7.0/Packs/Atmel/ATmega_DFP/2.0.401/gcc/dev/atmega32/avr5/crtatmega32.o (exit)
c:/program files (x86)/atmel/studio/7.0/toolchain/avr8/avr8-gnu-toolchain/bin/../lib/gcc/avr/5.4.0/avr5\libgcc.a(_copy_data.o)
                              keypad_driver.o (__do_copy_data)
c:/program files (x86)/atmel/studio/7.0/toolchain/avr8/avr8-gnu-toolchain/bin/../lib/gcc/avr/5.4.0/avr5\libgcc.a(_clear_bss.o)
                              Real time clock.o (__do_clear_bss)

Allocating common symbols
Common symbol       size              file

First_Value         0x1               Real time clock.o
Second_Value        0x1               Real time clock.o
value               0x1               Real time clock.o

Discarded input sections

 .data          0x00000000        0x0 C:/Program Files (x86)/Atmel/Studio/7.0/Packs/Atmel/ATmega_DFP/2.0.401/gcc/dev/atmega32/avr5/crtatmega32.o
 .bss           0x00000000        0x0 C:/Program Files (x86)/Atmel/Studio/7.0/Packs/Atmel/ATmega_DFP/2.0.401/gcc/dev/atmega32/avr5/crtatmega32.o
 .text          0x00000000        0x0 ADC.o
 .data          0x00000000        0x0 ADC.o
 .bss           0x00000000        0x0 ADC.o
 .text.ADC_init
                0x00000000       0x26 ADC.o
 .text.ADC_u16Read
                0x00000000       0x30 ADC.o
 .text.ADC_interrupt_EN
                0x00000000        0x8 ADC.o
 .text.ADC_Start_Conversion
                0x00000000        0x8 ADC.o
 .debug_info    0x00000000      0x10b ADC.o
 .debug_abbrev  0x00000000       0x9f ADC.o
 .debug_loc     0x00000000       0x65 ADC.o
 .debug_aranges
                0x00000000       0x38 ADC.o
 .debug_ranges  0x00000000       0x28 ADC.o
 .debug_line    0x00000000      0x148 ADC.o
 .debug_str     0x00000000      0x1ea ADC.o
 .comment       0x00000000       0x31 ADC.o
 .debug_frame   0x00000000       0x54 ADC.o
 .text          0x00000000        0x0 button.o
 .data          0x00000000        0x0 button.o
 .bss           0x00000000        0x0 button.o
 .text.button_vInit
                0x00000000        0x8 button.o
 .text.button_u8read
                0x00000000        0x6 button.o
 .debug_info    0x00000000      0x140 button.o
 .debug_abbrev  0x00000000       0xa9 button.o
 .debug_loc     0x00000000       0x84 button.o
 .debug_aranges
                0x00000000       0x28 button.o
 .debug_ranges  0x00000000       0x18 button.o
 .debug_line    0x00000000       0x64 button.o
 .debug_str     0x00000000      0x1de button.o
 .comment       0x00000000       0x31 button.o
 .debug_frame   0x00000000       0x34 button.o
 .text          0x00000000        0x0 DIO.o
 .data          0x00000000        0x0 DIO.o
 .bss           0x00000000        0x0 DIO.o
 .text.DIO_toggle
                0x00000000       0x6e DIO.o
 .text.DIO_read_port
                0x00000000       0x2a DIO.o
 .text.DIO_write_low_nibble
                0x00000000       0x5a DIO.o
 .text.DIO_write_high_nibble
                0x00000000       0x7a DIO.o
 .text          0x00000000        0x0 keypad_driver.o
 .data          0x00000000        0x0 keypad_driver.o
 .bss           0x00000000        0x0 keypad_driver.o
 .text          0x00000000        0x0 LCD.o
 .data          0x00000000        0x0 LCD.o
 .bss           0x00000000        0x0 LCD.o
 .text          0x00000000        0x0 LED.o
 .data          0x00000000        0x0 LED.o
 .bss           0x00000000        0x0 LED.o
 .text.LED_vInit
                0x00000000        0x8 LED.o
 .text.LED_vTurnOn
                0x00000000        0x8 LED.o
 .text.LED_vTurnOff
                0x00000000        0x8 LED.o
 .text.LED_vToggle
                0x00000000        0x6 LED.o
 .debug_info    0x00000000      0x1ea LED.o
 .debug_abbrev  0x00000000       0x7e LED.o
 .debug_loc     0x00000000      0x108 LED.o
 .debug_aranges
                0x00000000       0x38 LED.o
 .debug_ranges  0x00000000       0x28 LED.o
 .debug_line    0x00000000       0x87 LED.o
 .debug_str     0x00000000      0x1f9 LED.o
 .comment       0x00000000       0x31 LED.o
 .debug_frame   0x00000000       0x54 LED.o
 .text          0x00000000        0x0 Real time clock.o
 .data          0x00000000        0x0 Real time clock.o
 .bss           0x00000000        0x0 Real time clock.o
 .text          0x00000000        0x0 seven segment.o
 .data          0x00000000        0x0 seven segment.o
 .bss           0x00000000        0x0 seven segment.o
 .text.seven_seg_vinit_BCD
                0x00000000       0xbe seven segment.o
 .text.seven_segment_write_anode
                0x00000000       0x4a seven segment.o
 .text.seven_segment_write_Cathode_BCD
                0x00000000       0x18 seven segment.o
 .text          0x00000000        0x0 Timer.o
 .data          0x00000000        0x0 Timer.o
 .bss           0x00000000        0x0 Timer.o
 .text.timer0_init
                0x00000000       0x24 Timer.o
 .text.timer_CTC_init_interrupt
                0x00000000       0x18 Timer.o
 .text.timer_wave_nonPWM
                0x00000000       0x1c Timer.o
 .text.timer_wave_fastPWM
                0x00000000       0x22 Timer.o
 .text.timer_wave_phasecorrectPWM
                0x00000000       0x1c Timer.o
 .text.TIMER_STOP
                0x00000000       0x18 Timer.o
 .text.clk_0    0x00000000       0x18 Timer.o
 .text.clk_8    0x00000000       0x18 Timer.o
 .text.clk_64   0x00000000       0x18 Timer.o
 .text.clk_256  0x00000000       0x18 Timer.o
 .text.clk_1024
                0x00000000       0x18 Timer.o
 .text.T0_FALLING
                0x00000000       0x18 Timer.o
 .text.T0_RISING
                0x00000000       0x18 Timer.o
 .text          0x00000000        0x0 c:/program files (x86)/atmel/studio/7.0/toolchain/avr8/avr8-gnu-toolchain/bin/../lib/gcc/avr/5.4.0/avr5\libgcc.a(_exit.o)
 .data          0x00000000        0x0 c:/program files (x86)/atmel/studio/7.0/toolchain/avr8/avr8-gnu-toolchain/bin/../lib/gcc/avr/5.4.0/avr5\libgcc.a(_exit.o)
 .bss           0x00000000        0x0 c:/program files (x86)/atmel/studio/7.0/toolchain/avr8/avr8-gnu-toolchain/bin/../lib/gcc/avr/5.4.0/avr5\libgcc.a(_exit.o)
 .text.libgcc.mul
                0x00000000        0x0 c:/program files (x86)/atmel/studio/7.0/toolchain/avr8/avr8-gnu-toolchain/bin/../lib/gcc/avr/5.4.0/avr5\libgcc.a(_exit.o)
 .text.libgcc.div
                0x00000000        0x0 c:/program files (x86)/atmel/studio/7.0/toolchain/avr8/avr8-gnu-toolchain/bin/../lib/gcc/avr/5.4.0/avr5\libgcc.a(_exit.o)
 .text.libgcc   0x00000000        0x0 c:/program files (x86)/atmel/studio/7.0/toolchain/avr8/avr8-gnu-toolchain/bin/../lib/gcc/avr/5.4.0/avr5\libgcc.a(_exit.o)
 .text.libgcc.prologue
                0x00000000        0x0 c:/program files (x86)/atmel/studio/7.0/toolchain/avr8/avr8-gnu-toolchain/bin/../lib/gcc/avr/5.4.0/avr5\libgcc.a(_exit.o)
 .text.libgcc.builtins
                0x00000000        0x0 c:/program files (x86)/atmel/studio/7.0/toolchain/avr8/avr8-gnu-toolchain/bin/../lib/gcc/avr/5.4.0/avr5\libgcc.a(_exit.o)
 .text.libgcc.fmul
                0x00000000        0x0 c:/program files (x86)/atmel/studio/7.0/toolchain/avr8/avr8-gnu-toolchain/bin/../lib/gcc/avr/5.4.0/avr5\libgcc.a(_exit.o)
 .text.libgcc.fixed
                0x00000000        0x0 c:/program files (x86)/atmel/studio/7.0/toolchain/avr8/avr8-gnu-toolchain/bin/../lib/gcc/avr/5.4.0/avr5\libgcc.a(_exit.o)
 .text          0x00000000        0x0 c:/program files (x86)/atmel/studio/7.0/toolchain/avr8/avr8-gnu-toolchain/bin/../lib/gcc/avr/5.4.0/avr5\libgcc.a(_copy_data.o)
 .data          0x00000000        0x0 c:/program files (x86)/atmel/studio/7.0/toolchain/avr8/avr8-gnu-toolchain/bin/../lib/gcc/avr/5.4.0/avr5\libgcc.a(_copy_data.o)
 .bss           0x00000000        0x0 c:/program files (x86)/atmel/studio/7.0/toolchain/avr8/avr8-gnu-toolchain/bin/../lib/gcc/avr/5.4.0/avr5\libgcc.a(_copy_data.o)
 .text.libgcc.mul
                0x00000000        0x0 c:/program files (x86)/atmel/studio/7.0/toolchain/avr8/avr8-gnu-toolchain/bin/../lib/gcc/avr/5.4.0/avr5\libgcc.a(_copy_data.o)
 .text.libgcc.div
                0x00000000        0x0 c:/program files (x86)/atmel/studio/7.0/toolchain/avr8/avr8-gnu-toolchain/bin/../lib/gcc/avr/5.4.0/avr5\libgcc.a(_copy_data.o)
 .text.libgcc   0x00000000        0x0 c:/program files (x86)/atmel/studio/7.0/toolchain/avr8/avr8-gnu-toolchain/bin/../lib/gcc/avr/5.4.0/avr5\libgcc.a(_copy_data.o)
 .text.libgcc.prologue
                0x00000000        0x0 c:/program files (x86)/atmel/studio/7.0/toolchain/avr8/avr8-gnu-toolchain/bin/../lib/gcc/avr/5.4.0/avr5\libgcc.a(_copy_data.o)
 .text.libgcc.builtins
                0x00000000        0x0 c:/program files (x86)/atmel/studio/7.0/toolchain/avr8/avr8-gnu-toolchain/bin/../lib/gcc/avr/5.4.0/avr5\libgcc.a(_copy_data.o)
 .text.libgcc.fmul
                0x00000000        0x0 c:/program files (x86)/atmel/studio/7.0/toolchain/avr8/avr8-gnu-toolchain/bin/../lib/gcc/avr/5.4.0/avr5\libgcc.a(_copy_data.o)
 .text.libgcc.fixed
                0x00000000        0x0 c:/program files (x86)/atmel/studio/7.0/toolchain/avr8/avr8-gnu-toolchain/bin/../lib/gcc/avr/5.4.0/avr5\libgcc.a(_copy_data.o)
 .text          0x00000000        0x0 c:/program files (x86)/atmel/studio/7.0/toolchain/avr8/avr8-gnu-toolchain/bin/../lib/gcc/avr/5.4.0/avr5\libgcc.a(_clear_bss.o)
 .data          0x00000000        0x0 c:/program files (x86)/atmel/studio/7.0/toolchain/avr8/avr8-gnu-toolchain/bin/../lib/gcc/avr/5.4.0/avr5\libgcc.a(_clear_bss.o)
 .bss           0x00000000        0x0 c:/program files (x86)/atmel/studio/7.0/toolchain/avr8/avr8-gnu-toolchain/bin/../lib/gcc/avr/5.4.0/avr5\libgcc.a(_clear_bss.o)
 .text.libgcc.mul
                0x00000000        0x0 c:/program files (x86)/atmel/studio/7.0/toolchain/avr8/avr8-gnu-toolchain/bin/../lib/gcc/avr/5.4.0/avr5\libgcc.a(_clear_bss.o)
 .text.libgcc.div
                0x00000000        0x0 c:/program files (x86)/atmel/studio/7.0/toolchain/avr8/avr8-gnu-toolchain/bin/../lib/gcc/avr/5.4.0/avr5\libgcc.a(_clear_bss.o)
 .text.libgcc   0x00000000        0x0 c:/program files (x86)/atmel/studio/7.0/toolchain/avr8/avr8-gnu-toolchain/bin/../lib/gcc/avr/5.4.0/avr5\libgcc.a(_clear_bss.o)
 .text.libgcc.prologue
                0x00000000        0x0 c:/program files (x86)/atmel/studio/7.0/toolchain/avr8/avr8-gnu-toolchain/bin/../lib/gcc/avr/5.4.0/avr5\libgcc.a(_clear_bss.o)
 .text.libgcc.builtins
                0x00000000        0x0 c:/program files (x86)/atmel/studio/7.0/toolchain/avr8/avr8-gnu-toolchain/bin/../lib/gcc/avr/5.4.0/avr5\libgcc.a(_clear_bss.o)
 .text.libgcc.fmul
                0x00000000        0x0 c:/program files (x86)/atmel/studio/7.0/toolchain/avr8/avr8-gnu-toolchain/bin/../lib/gcc/avr/5.4.0/avr5\libgcc.a(_clear_bss.o)
 .text.libgcc.fixed
                0x00000000        0x0 c:/program files (x86)/atmel/studio/7.0/toolchain/avr8/avr8-gnu-toolchain/bin/../lib/gcc/avr/5.4.0/avr5\libgcc.a(_clear_bss.o)

Memory Configuration

Name             Origin             Length             Attributes
text             0x00000000         0x00008000         xr
data             0x00800060         0x00000800         rw !x
eeprom           0x00810000         0x00000400         rw !x
fuse             0x00820000         0x00000002         rw !x
lock             0x00830000         0x00000400         rw !x
signature        0x00840000         0x00000400         rw !x
user_signatures  0x00850000         0x00000400         rw !x
*default*        0x00000000         0xffffffff

Linker script and memory map

LOAD C:/Program Files (x86)/Atmel/Studio/7.0/Packs/Atmel/ATmega_DFP/2.0.401/gcc/dev/atmega32/avr5/crtatmega32.o
LOAD ADC.o
LOAD button.o
LOAD DIO.o
LOAD keypad_driver.o
LOAD LCD.o
LOAD LED.o
LOAD Real time clock.o
LOAD seven segment.o
LOAD Timer.o
START GROUP
LOAD c:/program files (x86)/atmel/studio/7.0/toolchain/avr8/avr8-gnu-toolchain/bin/../lib/gcc/avr/5.4.0/../../../../avr/lib/avr5\libm.a
END GROUP
START GROUP
LOAD c:/program files (x86)/atmel/studio/7.0/toolchain/avr8/avr8-gnu-toolchain/bin/../lib/gcc/avr/5.4.0/avr5\libgcc.a
LOAD c:/program files (x86)/atmel/studio/7.0/toolchain/avr8/avr8-gnu-toolchain/bin/../lib/gcc/avr/5.4.0/../../../../avr/lib/avr5\libm.a
LOAD c:/program files (x86)/atmel/studio/7.0/toolchain/avr8/avr8-gnu-toolchain/bin/../lib/gcc/avr/5.4.0/../../../../avr/lib/avr5\libc.a
LOAD C:/Program Files (x86)/Atmel/Studio/7.0/Packs/Atmel/ATmega_DFP/2.0.401/gcc/dev/atmega32/avr5\libatmega32.a
END GROUP
                0x00000000                __TEXT_REGION_ORIGIN__ = DEFINED (__TEXT_REGION_ORIGIN__)?__TEXT_REGION_ORIGIN__:0x0
                [0x00800060]                __DATA_REGION_ORIGIN__ = DEFINED (__DATA_REGION_ORIGIN__)?__DATA_REGION_ORIGIN__:0x800060
                [0x00008000]                __TEXT_REGION_LENGTH__ = DEFINED (__TEXT_REGION_LENGTH__)?__TEXT_REGION_LENGTH__:0x20000
                [0x00000800]                __DATA_REGION_LENGTH__ = DEFINED (__DATA_REGION_LENGTH__)?__DATA_REGION_LENGTH__:0xffa0
                [0x00000400]                __EEPROM_REGION_LENGTH__ = DEFINED (__EEPROM_REGION_LENGTH__)?__EEPROM_REGION_LENGTH__:0x10000
                [0x00000002]                __FUSE_REGION_LENGTH__ = DEFINED (__FUSE_REGION_LENGTH__)?__FUSE_REGION_LENGTH__:0x400
                0x00000400                __LOCK_REGION_LENGTH__ = DEFINED (__LOCK_REGION_LENGTH__)?__LOCK_REGION_LENGTH__:0x400
                0x00000400                __SIGNATURE_REGION_LENGTH__ = DEFINED (__SIGNATURE_REGION_LENGTH__)?__SIGNATURE_REGION_LENGTH__:0x400
                0x00000400                __USER_SIGNATURE_REGION_LENGTH__ = DEFINED (__USER_SIGNATURE_REGION_LENGTH__)?__USER_SIGNATURE_REGION_LENGTH__:0x400

.hash
 *(.hash)

.dynsym
 *(.dynsym)

.dynstr
 *(.dynstr)

.gnu.version
 *(.gnu.version)

.gnu.version_d
 *(.gnu.version_d)

.gnu.version_r
 *(.gnu.version_r)

.rel.init
 *(.rel.init)

.rela.init
 *(.rela.init)

.rel.text
 *(.rel.text)
 *(.rel.text.*)
 *(.rel.gnu.linkonce.t*)

.rela.text
 *(.rela.text)
 *(.rela.text.*)
 *(.rela.gnu.linkonce.t*)

.rel.fini
 *(.rel.fini)

.rela.fini
 *(.rela.fini)

.rel.rodata
 *(.rel.rodata)
 *(.rel.rodata.*)
 *(.rel.gnu.linkonce.r*)

.rela.rodata
 *(.rela.rodata)
 *(.rela.rodata.*)
 *(.rela.gnu.linkonce.r*)

.rel.data
 *(.rel.data)
 *(.rel.data.*)
 *(.rel.gnu.linkonce.d*)

.rela.data
 *(.rela.data)
 *(.rela.data.*)
 *(.rela.gnu.linkonce.d*)

.rel.ctors
 *(.rel.ctors)

.rela.ctors
 *(.rela.ctors)

.rel.dtors
 *(.rel.dtors)

.rela.dtors
 *(.rela.dtors)

.rel.got
 *(.rel.got)

.rela.got
 *(.rela.got)

.rel.bss
 *(.rel.bss)

.rela.bss
 *(.rela.bss)

.rel.plt
 *(.rel.plt)

.rela.plt
 *(.rela.plt)

.text           0x00000000      0xcba
 *(.vectors)
 .vectors       0x00000000       0x54 C:/Program Files (x86)/Atmel/Studio/7.0/Packs/Atmel/ATmega_DFP/2.0.401/gcc/dev/atmega32/avr5/crtatmega32.o
                0x00000000                __vector_default
                0x00000000                __vectors
 *(.vectors)
 *(.progmem.gcc*)
                0x00000054                . = ALIGN (0x2)
                0x00000054                __trampolines_start = .
 *(.trampolines)
 .trampolines   0x00000054        0x0 linker stubs
 *(.trampolines*)
                0x00000054                __trampolines_end = .
 *libprintf_flt.a:*(.progmem.data)
 *libc.a:*(.progmem.data)
 *(.progmem*)
                0x00000054                . = ALIGN (0x2)
 *(.jumptables)
 *(.jumptables*)
 *(.lowtext)
 *(.lowtext*)
                0x00000054                __ctors_start = .
 *(.ctors)
                0x00000054                __ctors_end = .
                0x00000054                __dtors_start = .
 *(.dtors)
                0x00000054                __dtors_end = .
 SORT(*)(.ctors)
 SORT(*)(.dtors)
 *(.init0)
 .init0         0x00000054        0x0 C:/Program Files (x86)/Atmel/Studio/7.0/Packs/Atmel/ATmega_DFP/2.0.401/gcc/dev/atmega32/avr5/crtatmega32.o
                0x00000054                __init
 *(.init0)
 *(.init1)
 *(.init1)
 *(.init2)
 .init2         0x00000054        0xc C:/Program Files (x86)/Atmel/Studio/7.0/Packs/Atmel/ATmega_DFP/2.0.401/gcc/dev/atmega32/avr5/crtatmega32.o
 *(.init2)
 *(.init3)
 *(.init3)
 *(.init4)
 .init4         0x00000060       0x16 c:/program files (x86)/atmel/studio/7.0/toolchain/avr8/avr8-gnu-toolchain/bin/../lib/gcc/avr/5.4.0/avr5\libgcc.a(_copy_data.o)
                0x00000060                __do_copy_data
 .init4         0x00000076       0x10 c:/program files (x86)/atmel/studio/7.0/toolchain/avr8/avr8-gnu-toolchain/bin/../lib/gcc/avr/5.4.0/avr5\libgcc.a(_clear_bss.o)
                0x00000076                __do_clear_bss
 *(.init4)
 *(.init5)
 *(.init5)
 *(.init6)
 *(.init6)
 *(.init7)
 *(.init7)
 *(.init8)
 *(.init8)
 *(.init9)
 .init9         0x00000086        0x8 C:/Program Files (x86)/Atmel/Studio/7.0/Packs/Atmel/ATmega_DFP/2.0.401/gcc/dev/atmega32/avr5/crtatmega32.o
 *(.init9)
 *(.text)
 .text          0x0000008e        0x4 C:/Program Files (x86)/Atmel/Studio/7.0/Packs/Atmel/ATmega_DFP/2.0.401/gcc/dev/atmega32/avr5/crtatmega32.o
                0x0000008e                __vector_1
                0x0000008e                __vector_12
                0x0000008e                __bad_interrupt
                0x0000008e                __vector_6
                0x0000008e                __vector_3
                0x0000008e                __vector_11
                0x0000008e                __vector_13
                0x0000008e                __vector_17
                0x0000008e                __vector_19
                0x0000008e                __vector_7
                0x0000008e                __vector_4
                0x0000008e                __vector_9
                0x0000008e                __vector_2
                0x0000008e                __vector_15
                0x0000008e                __vector_8
                0x0000008e                __vector_14
                0x0000008e                __vector_10
                0x0000008e                __vector_16
                0x0000008e                __vector_18
                0x0000008e                __vector_20
                0x00000092                . = ALIGN (0x2)
 *(.text.*)
 .text.DIO_vsetPINDir
                0x00000092       0xe0 DIO.o
                0x00000092                DIO_vsetPINDir
 .text.DIO_write
                0x00000172       0xe0 DIO.o
                0x00000172                DIO_write
 .text.DIO_u8read
                0x00000252       0xba DIO.o
                0x00000252                DIO_u8read
 .text.DIO_vconnectpullup
                0x0000030c       0xe0 DIO.o
                0x0000030c                DIO_vconnectpullup
 .text.DIO_set_port_direction
                0x000003ec       0x26 DIO.o
                0x000003ec                DIO_set_port_direction
 .text.DIO_write_port
                0x00000412       0x26 DIO.o
                0x00000412                DIO_write_port
 .text.write_high_nibble
                0x00000438       0x4c DIO.o
                0x00000438                write_high_nibble
 .text.keypad_vInit
                0x00000484       0x7a keypad_driver.o
                0x00000484                keypad_vInit
 .text.keypad_u8check_press
                0x000004fe       0xc2 keypad_driver.o
                0x000004fe                keypad_u8check_press
 .text.send_falling_edge
                0x000005c0       0x2e LCD.o
 .text.LCD_vSend_cmd
                0x000005ee       0x44 LCD.o
                0x000005ee                LCD_vSend_cmd
 .text.LCD_vInit
                0x00000632       0xbe LCD.o
                0x00000632                LCD_vInit
 .text.LCD_vSend_char
                0x000006f0       0x44 LCD.o
                0x000006f0                LCD_vSend_char
 .text.LCD_vSend_string
                0x00000734       0x1a LCD.o
                0x00000734                LCD_vSend_string
 .text.LCD_clearscreen
                0x0000074e       0x14 LCD.o
                0x0000074e                LCD_clearscreen
 .text.LCD_movecursor
                0x00000762       0x42 LCD.o
                0x00000762                LCD_movecursor
 .text.main     0x000007a4      0x482 Real time clock.o
                0x000007a4                main
 .text.__vector_5
                0x00000c26       0x22 Real time clock.o
                0x00000c26                __vector_5
 .text.seven_seg_vinit
                0x00000c48        0x8 seven segment.o
                0x00000c48                seven_seg_vinit
 .text.seven_segment_write_Cathode
                0x00000c50       0x4a seven segment.o
                0x00000c50                seven_segment_write_Cathode
 .text.timer2_overflow_init_interrupt
                0x00000c9a       0x1c Timer.o
                0x00000c9a                timer2_overflow_init_interrupt
                0x00000cb6                . = ALIGN (0x2)
 *(.fini9)
 .fini9         0x00000cb6        0x0 c:/program files (x86)/atmel/studio/7.0/toolchain/avr8/avr8-gnu-toolchain/bin/../lib/gcc/avr/5.4.0/avr5\libgcc.a(_exit.o)
                0x00000cb6                _exit
                0x00000cb6                exit
 *(.fini9)
 *(.fini8)
 *(.fini8)
 *(.fini7)
 *(.fini7)
 *(.fini6)
 *(.fini6)
 *(.fini5)
 *(.fini5)
 *(.fini4)
 *(.fini4)
 *(.fini3)
 *(.fini3)
 *(.fini2)
 *(.fini2)
 *(.fini1)
 *(.fini1)
 *(.fini0)
 .fini0         0x00000cb6        0x4 c:/program files (x86)/atmel/studio/7.0/toolchain/avr8/avr8-gnu-toolchain/bin/../lib/gcc/avr/5.4.0/avr5\libgcc.a(_exit.o)
 *(.fini0)
                0x00000cba                _etext = .

.data           0x00800060       0x7c load address 0x00000cba
                0x00800060                PROVIDE (__data_start, .)
 *(.data)
 *(.data*)
 *(.gnu.linkonce.d*)
 *(.rodata)
 .rodata        0x00800060       0x10 keypad_driver.o
 .rodata        0x00800070       0x14 seven segment.o
 *(.rodata*)
 .rodata.str1.1
                0x00800084       0x57 Real time clock.o
 *(.gnu.linkonce.r*)
                0x008000dc                . = ALIGN (0x2)
 *fill*         0x008000db        0x1 
                0x008000dc                _edata = .
                0x008000dc                PROVIDE (__data_end, .)

.bss            0x008000dc        0x6
                0x008000dc                PROVIDE (__bss_start, .)
 *(.bss)
 *(.bss*)
 .bss.minute_counter
                0x008000dc        0x1 Real time clock.o
                0x008000dc                minute_counter
 .bss.hour_counter
                0x008000dd        0x1 Real time clock.o
                0x008000dd                hour_counter
 .bss.seconds_counter
                0x008000de        0x1 Real time clock.o
                0x008000de                seconds_counter
 *(COMMON)
 COMMON         0x008000df        0x3 Real time clock.o
                0x008000df                First_Value
                0x008000e0                Second_Value
                0x008000e1                value
                0x008000e2                PROVIDE (__bss_end, .)
                0x00000cba                __data_load_start = LOADADDR (.data)
                0x00000d36                __data_load_end = (__data_load_start + SIZEOF (.data))

.noinit         0x008000e2        0x0
                [!provide]                PROVIDE (__noinit_start, .)
 *(.noinit*)
                [!provide]                PROVIDE (__noinit_end, .)
                0x008000e2                _end = .
                [!provide]                PROVIDE (__heap_start, .)

.eeprom         0x00810000        0x0
 *(.eeprom*)
                0x00810000                __eeprom_end = .

.fuse
 *(.fuse)
 *(.lfuse)
 *(.hfuse)
 *(.efuse)

.lock
 *(.lock*)

.signature
 *(.signature*)

.user_signatures
 *(.user_signatures*)

.stab
 *(.stab)

.stabstr
 *(.stabstr)

.stab.excl
 *(.stab.excl)

.stab.exclstr
 *(.stab.exclstr)

.stab.index
 *(.stab.index)

.stab.indexstr
 *(.stab.indexstr)

.comment        0x00000000       0x30
 *(.comment)
 .comment       0x00000000       0x30 DIO.o
                                 0x31 (size before relaxing)
 .comment       0x00000030       0x31 keypad_driver.o
 .comment       0x00000030       0x31 LCD.o
 .comment       0x00000030       0x31 Real time clock.o
 .comment       0x00000030       0x31 seven segment.o
 .comment       0x00000030       0x31 Timer.o

.note.gnu.avr.deviceinfo
                0x00000000       0x3c
 .note.gnu.avr.deviceinfo
                0x00000000       0x3c C:/Program Files (x86)/Atmel/Studio/7.0/Packs/Atmel/ATmega_DFP/2.0.401/gcc/dev/atmega32/avr5/crtatmega32.o

.note.gnu.build-id
 *(.note.gnu.build-id)

.debug
 *(.debug)

.line
 *(.line)

.debug_srcinfo
 *(.debug_srcinfo)

.debug_sfnames
 *(.debug_sfnames)

.debug_aranges  0x00000000      0x1d8
 *(.debug_aranges)
 .debug_aranges
                0x00000000       0x70 DIO.o
 .debug_aranges
                0x00000070       0x28 keypad_driver.o
 .debug_aranges
                0x00000098       0x50 LCD.o
 .debug_aranges
                0x000000e8       0x28 Real time clock.o
 .debug_aranges
                0x00000110       0x40 seven segment.o
 .debug_aranges
                0x00000150       0x88 Timer.o

.debug_pubnames
 *(.debug_pubnames)

.debug_info     0x00000000     0x23b3
 *(.debug_info .gnu.linkonce.wi.*)
 .debug_info    0x00000000      0x4e6 C:/Program Files (x86)/Atmel/Studio/7.0/Packs/Atmel/ATmega_DFP/2.0.401/gcc/dev/atmega32/avr5/crtatmega32.o
 .debug_info    0x000004e6      0x3f6 DIO.o
 .debug_info    0x000008dc      0x34f keypad_driver.o
 .debug_info    0x00000c2b      0x781 LCD.o
 .debug_info    0x000013ac      0x979 Real time clock.o
 .debug_info    0x00001d25      0x44d seven segment.o
 .debug_info    0x00002172      0x241 Timer.o

.debug_abbrev   0x00000000      0xab2
 *(.debug_abbrev)
 .debug_abbrev  0x00000000      0x4a3 C:/Program Files (x86)/Atmel/Studio/7.0/Packs/Atmel/ATmega_DFP/2.0.401/gcc/dev/atmega32/avr5/crtatmega32.o
 .debug_abbrev  0x000004a3      0x101 DIO.o
 .debug_abbrev  0x000005a4       0xe0 keypad_driver.o
 .debug_abbrev  0x00000684      0x17c LCD.o
 .debug_abbrev  0x00000800      0x13e Real time clock.o
 .debug_abbrev  0x0000093e       0xd5 seven segment.o
 .debug_abbrev  0x00000a13       0x9f Timer.o

.debug_line     0x00000000     0x1238
 *(.debug_line .debug_line.* .debug_line_end)
 .debug_line    0x00000000      0x116 C:/Program Files (x86)/Atmel/Studio/7.0/Packs/Atmel/ATmega_DFP/2.0.401/gcc/dev/atmega32/avr5/crtatmega32.o
 .debug_line    0x00000116      0x3b7 DIO.o
 .debug_line    0x000004cd      0x133 keypad_driver.o
 .debug_line    0x00000600      0x304 LCD.o
 .debug_line    0x00000904      0x4e8 Real time clock.o
 .debug_line    0x00000dec      0x14c seven segment.o
 .debug_line    0x00000f38      0x300 Timer.o

.debug_frame    0x00000000      0x394
 *(.debug_frame)
 .debug_frame   0x00000000       0xdc DIO.o
 .debug_frame   0x000000dc       0x54 keypad_driver.o
 .debug_frame   0x00000130       0xa0 LCD.o
 .debug_frame   0x000001d0       0x44 Real time clock.o
 .debug_frame   0x00000214       0x8c seven segment.o
 .debug_frame   0x000002a0       0xf4 Timer.o

.debug_str      0x00000000      0x71c
 *(.debug_str)
 .debug_str     0x00000000      0x196 C:/Program Files (x86)/Atmel/Studio/7.0/Packs/Atmel/ATmega_DFP/2.0.401/gcc/dev/atmega32/avr5/crtatmega32.o
 .debug_str     0x00000196      0x264 DIO.o
                                0x2b9 (size before relaxing)
 .debug_str     0x000003fa       0x52 keypad_driver.o
                                0x211 (size before relaxing)
 .debug_str     0x0000044c       0xc4 LCD.o
                                0x284 (size before relaxing)
 .debug_str     0x00000510       0xb7 Real time clock.o
                                0x312 (size before relaxing)
 .debug_str     0x000005c7       0x8b seven segment.o
                                0x2b8 (size before relaxing)
 .debug_str     0x00000652       0xca Timer.o
                                0x282 (size before relaxing)

.debug_loc      0x00000000     0x1446
 *(.debug_loc)
 .debug_loc     0x00000000      0x62e DIO.o
 .debug_loc     0x0000062e       0xd7 keypad_driver.o
 .debug_loc     0x00000705      0x4ae LCD.o
 .debug_loc     0x00000bb3      0x4f8 Real time clock.o
 .debug_loc     0x000010ab      0x2dd seven segment.o
 .debug_loc     0x00001388       0xbe Timer.o

.debug_macinfo
 *(.debug_macinfo)

.debug_weaknames
 *(.debug_weaknames)

.debug_funcnames
 *(.debug_funcnames)

.debug_typenames
 *(.debug_typenames)

.debug_varnames
 *(.debug_varnames)

.debug_pubtypes
 *(.debug_pubtypes)

.debug_ranges   0x00000000      0x178
 *(.debug_ranges)
 .debug_ranges  0x00000000       0x60 DIO.o
 .debug_ranges  0x00000060       0x18 keypad_driver.o
 .debug_ranges  0x00000078       0x40 LCD.o
 .debug_ranges  0x000000b8       0x18 Real time clock.o
 .debug_ranges  0x000000d0       0x30 seven segment.o
 .debug_ranges  0x00000100       0x78 Timer.o

.debug_macro
 *(.debug_macro)
OUTPUT(GccApplication1.elf elf32-avr)
LOAD linker stubs
